// Jest Snapshot v1, https://goo.gl/fbAQLP

exports[`renders correctly with snapshot 1`] = `
<div
  className="container"
>
  <h1
    className="title"
  >
    Browse Â 
    <div
      className="fas fa-spinner fa-spin"
    />
  </h1>
  <div
    style={
      Object {
        "alignItems": "flex-start",
        "display": "flex",
        "flexWrap": "wrap",
        "justifyContent": "center",
      }
    }
  >
    <div
      style={
        Object {
          "flex": "0 0 auto",
          "margin": 10,
          "maxWidth": 254,
        }
      }
    >
      <div
        className=""
      >
        <div
          className="card"
        >
          <div
            className="card-image"
          >
            <div
              className="video-container"
            >
              <video
                autoPlay={true}
                className=""
                controls={true}
                src=""
                type="video/mp4"
              />
              <div
                className="overlay active"
                onClick={[Function]}
              >
                <figure
                  className="image"
                >
                  <img
                    alt="company"
                    src="https://goldi-develop.s3.amazonaws.com/media/HERO_mwWmZqz_RkcDJ1f.jpg"
                  />
                </figure>
                <button
                  className="play-button fa fa-play"
                />
              </div>
            </div>
          </div>
          <div
            className="card-content"
          >
            <div
              className="media"
            >
              <div
                className="media-left"
              >
                <figure
                  className="image is-48x48"
                >
                  <img
                    alt="company"
                    src="https://goldi-develop.s3.amazonaws.com/media/m-nd_logo_square.jpg.96x96_q100_2x.jpg"
                  />
                </figure>
              </div>
              <div
                className="media-content"
              >
                <p
                  className="title is-4"
                >
                  M-ND
                </p>
                <p
                  className="subtitle is-6"
                >
                  NYC
                </p>
              </div>
            </div>
            <div
              className="content"
            >
              Maker of innovative marketing tech for brands
            </div>
            <button
              className="button has-background-info has-text-white"
              onClick={[Function]}
              style={
                Object {
                  "display": "block",
                  "margin": "auto",
                }
              }
            >
              Apply
            </button>
          </div>
        </div>
      </div>
    </div>
    <div
      style={
        Object {
          "flex": "0 0 auto",
          "margin": 10,
          "maxWidth": 254,
        }
      }
    >
      <div
        className=""
      >
        <div
          className="card"
        >
          <div
            className="card-image"
          >
            <div
              className="video-container"
            >
              <video
                autoPlay={true}
                className=""
                controls={true}
                src=""
                type="video/mp4"
              />
              <div
                className="overlay active"
                onClick={[Function]}
              >
                <figure
                  className="image"
                >
                  <img
                    alt="company"
                    src="https://goldi-develop.s3.amazonaws.com/media/HERO_AC5Lplc.jpg"
                  />
                </figure>
                <button
                  className="play-button fa fa-play"
                />
              </div>
            </div>
          </div>
          <div
            className="card-content"
          >
            <div
              className="media"
            >
              <div
                className="media-left"
              >
                <figure
                  className="image is-48x48"
                >
                  <img
                    alt="company"
                    src="https://goldi-develop.s3.amazonaws.com/media/celonis_square_logo.png.96x96_q100_2x.jpg"
                  />
                </figure>
              </div>
              <div
                className="media-content"
              >
                <p
                  className="title is-4"
                >
                  Celonis
                </p>
                <p
                  className="subtitle is-6"
                >
                  NYC
                </p>
              </div>
            </div>
            <div
              className="content"
            >
              Process mining software startup that helps companies optimize their operations.
            </div>
            <button
              className="button has-background-info has-text-white"
              onClick={[Function]}
              style={
                Object {
                  "display": "block",
                  "margin": "auto",
                }
              }
            >
              Apply
            </button>
          </div>
        </div>
      </div>
    </div>
    <div
      style={
        Object {
          "flex": "0 0 auto",
          "margin": 10,
          "maxWidth": 254,
        }
      }
    >
      <div
        className=""
      >
        <div
          className="card"
        >
          <div
            className="card-image"
          >
            <div
              className="video-container"
            >
              <video
                autoPlay={true}
                className=""
                controls={true}
                src=""
                type="video/mp4"
              />
              <div
                className="overlay active"
                onClick={[Function]}
              >
                <figure
                  className="image"
                >
                  <img
                    alt="company"
                    src="https://goldi-develop.s3.amazonaws.com/media/company_video_Z5EKf3N.jpg"
                  />
                </figure>
                <button
                  className="play-button fa fa-play"
                />
              </div>
            </div>
          </div>
          <div
            className="card-content"
          >
            <div
              className="media"
            >
              <div
                className="media-left"
              >
                <figure
                  className="image is-48x48"
                >
                  <img
                    alt="company"
                    src="https://goldi-develop.s3.amazonaws.com/media/BLENDER_LOGO_WEB_BLACK-02.png.96x96_q100_2x.png"
                  />
                </figure>
              </div>
              <div
                className="media-content"
              >
                <p
                  className="title is-4"
                >
                  Blender Workspace
                </p>
                <p
                  className="subtitle is-6"
                >
                  New York City, NY.
                </p>
              </div>
            </div>
            <div
              className="content"
            >
              Upscale workspace with a high end design esthetic for entrepreneurs and businesses
            </div>
            <button
              className="button has-background-info has-text-white"
              onClick={[Function]}
              style={
                Object {
                  "display": "block",
                  "margin": "auto",
                }
              }
            >
              Apply
            </button>
          </div>
        </div>
      </div>
    </div>
    <div
      style={
        Object {
          "flex": "0 0 auto",
          "margin": 10,
          "maxWidth": 254,
        }
      }
    >
      <div
        className=""
      >
        <div
          className="card"
        >
          <div
            className="card-image"
          >
            <div
              className="video-container"
            >
              <video
                autoPlay={true}
                className=""
                controls={true}
                src=""
                type="video/mp4"
              />
              <div
                className="overlay active"
                onClick={[Function]}
              >
                <figure
                  className="image"
                >
                  <img
                    alt="company"
                    src="https://goldi-develop.s3.amazonaws.com/media/Splash_Hero_v1_TRANSCODED_C8kM73D.jpg"
                  />
                </figure>
                <button
                  className="play-button fa fa-play"
                />
              </div>
            </div>
          </div>
          <div
            className="card-content"
          >
            <div
              className="media"
            >
              <div
                className="media-left"
              >
                <figure
                  className="image is-48x48"
                >
                  <img
                    alt="company"
                    src="https://goldi-develop.s3.amazonaws.com/media/16123631_799514110186339_6116090900461387776_a.jpg.96x96_q100_2x.jpg"
                  />
                </figure>
              </div>
              <div
                className="media-content"
              >
                <p
                  className="title is-4"
                >
                  Splash
                </p>
                <p
                  className="subtitle is-6"
                >
                  New York, NY
                </p>
              </div>
            </div>
            <div
              className="content"
            >
              An experiential marketing software company
            </div>
            <button
              className="button has-background-info has-text-white"
              onClick={[Function]}
              style={
                Object {
                  "display": "block",
                  "margin": "auto",
                }
              }
            >
              Apply
            </button>
          </div>
        </div>
      </div>
    </div>
    <div
      style={
        Object {
          "flex": "0 0 auto",
          "margin": 10,
          "maxWidth": 254,
        }
      }
    >
      <div
        className=""
      >
        <div
          className="card"
        >
          <div
            className="card-image"
          >
            <div
              className="video-container"
            >
              <video
                autoPlay={true}
                className=""
                controls={true}
                src=""
                type="video/mp4"
              />
              <div
                className="overlay active"
                onClick={[Function]}
              >
                <figure
                  className="image"
                >
                  <img
                    alt="company"
                    src="https://goldi-develop.s3.amazonaws.com/media/IMG_1035_WKMrk5D.jpg"
                  />
                </figure>
                <button
                  className="play-button fa fa-play"
                />
              </div>
            </div>
          </div>
          <div
            className="card-content"
          >
            <div
              className="media"
            >
              <div
                className="media-left"
              >
                <figure
                  className="image is-48x48"
                >
                  <img
                    alt="company"
                    src="https://goldi-develop.s3.amazonaws.com/media/18882125_1887932188131321_1471609003697882282_n.png.96x96_q100_2x.jpg"
                  />
                </figure>
              </div>
              <div
                className="media-content"
              >
                <p
                  className="title is-4"
                >
                  Programadores de Chile
                </p>
                <p
                  className="subtitle is-6"
                >
                  Santiago, Chile
                </p>
              </div>
            </div>
            <div
              className="content"
            >
              Desarrollo de codigo, aprendizaje y comunidad.
            </div>
            <button
              className="button has-background-info has-text-white"
              onClick={[Function]}
              style={
                Object {
                  "display": "block",
                  "margin": "auto",
                }
              }
            >
              Apply
            </button>
          </div>
        </div>
      </div>
    </div>
    <div
      style={
        Object {
          "flex": "0 0 auto",
          "margin": 10,
          "maxWidth": 254,
        }
      }
    >
      <div
        className=""
      >
        <div
          className="card"
        >
          <div
            className="card-image"
          >
            <div
              className="video-container"
            >
              <video
                autoPlay={true}
                className=""
                controls={true}
                src=""
                type="video/mp4"
              />
              <div
                className="overlay active"
                onClick={[Function]}
              >
                <figure
                  className="image"
                >
                  <img
                    alt="company"
                    src={undefined}
                  />
                </figure>
                <button
                  className="play-button fa fa-play"
                />
              </div>
            </div>
          </div>
          <div
            className="card-content"
          >
            <div
              className="media"
            >
              <div
                className="media-left"
              >
                <figure
                  className="image is-48x48"
                >
                  <img
                    alt="company"
                    src="http://via.placeholder.com/96x96?text=F"
                  />
                </figure>
              </div>
              <div
                className="media-content"
              >
                <p
                  className="title is-4"
                >
                  Fourth
                </p>
                <p
                  className="subtitle is-6"
                >
                  NY
                </p>
              </div>
            </div>
            <div
              className="content"
            />
            <button
              className="button has-background-info has-text-white"
              onClick={[Function]}
              style={
                Object {
                  "display": "block",
                  "margin": "auto",
                }
              }
            >
              Apply
            </button>
          </div>
        </div>
      </div>
    </div>
    <div
      style={
        Object {
          "flex": "0 0 auto",
          "margin": 10,
          "maxWidth": 254,
        }
      }
    >
      <div
        className=""
      >
        <div
          className="card"
        >
          <div
            className="card-image"
          >
            <div
              className="video-container"
            >
              <video
                autoPlay={true}
                className=""
                controls={true}
                src=""
                type="video/mp4"
              />
              <div
                className="overlay active"
                onClick={[Function]}
              >
                <figure
                  className="image"
                >
                  <img
                    alt="company"
                    src={undefined}
                  />
                </figure>
                <button
                  className="play-button fa fa-play"
                />
              </div>
            </div>
          </div>
          <div
            className="card-content"
          >
            <div
              className="media"
            >
              <div
                className="media-left"
              >
                <figure
                  className="image is-48x48"
                >
                  <img
                    alt="company"
                    src="http://via.placeholder.com/96x96?text=A"
                  />
                </figure>
              </div>
              <div
                className="media-content"
              >
                <p
                  className="title is-4"
                >
                  A Company
                </p>
                <p
                  className="subtitle is-6"
                >
                  The Clouds
                </p>
              </div>
            </div>
            <div
              className="content"
            />
            <button
              className="button has-background-info has-text-white"
              onClick={[Function]}
              style={
                Object {
                  "display": "block",
                  "margin": "auto",
                }
              }
            >
              Apply
            </button>
          </div>
        </div>
      </div>
    </div>
    <div
      style={
        Object {
          "flex": "0 0 auto",
          "margin": 10,
          "maxWidth": 254,
        }
      }
    >
      <div
        className=""
      >
        <div
          className="card"
        >
          <div
            className="card-image"
          >
            <div
              className="video-container"
            >
              <video
                autoPlay={true}
                className=""
                controls={true}
                src=""
                type="video/mp4"
              />
              <div
                className="overlay active"
                onClick={[Function]}
              >
                <figure
                  className="image"
                >
                  <img
                    alt="company"
                    src={undefined}
                  />
                </figure>
                <button
                  className="play-button fa fa-play"
                />
              </div>
            </div>
          </div>
          <div
            className="card-content"
          >
            <div
              className="media"
            >
              <div
                className="media-left"
              >
                <figure
                  className="image is-48x48"
                >
                  <img
                    alt="company"
                    src="http://via.placeholder.com/96x96?text=C"
                  />
                </figure>
              </div>
              <div
                className="media-content"
              >
                <p
                  className="title is-4"
                >
                  Canela
                </p>
                <p
                  className="subtitle is-6"
                >
                  BogotÃ¡, Col
                </p>
              </div>
            </div>
            <div
              className="content"
            />
            <button
              className="button has-background-info has-text-white"
              onClick={[Function]}
              style={
                Object {
                  "display": "block",
                  "margin": "auto",
                }
              }
            >
              Apply
            </button>
          </div>
        </div>
      </div>
    </div>
    <div
      style={
        Object {
          "flex": "0 0 auto",
          "margin": 10,
          "maxWidth": 254,
        }
      }
    >
      <div
        className=""
      >
        <div
          className="card"
        >
          <div
            className="card-image"
          >
            <div
              className="video-container"
            >
              <video
                autoPlay={true}
                className=""
                controls={true}
                src=""
                type="video/mp4"
              />
              <div
                className="overlay active"
                onClick={[Function]}
              >
                <figure
                  className="image"
                >
                  <img
                    alt="company"
                    src={undefined}
                  />
                </figure>
                <button
                  className="play-button fa fa-play"
                />
              </div>
            </div>
          </div>
          <div
            className="card-content"
          >
            <div
              className="media"
            >
              <div
                className="media-left"
              >
                <figure
                  className="image is-48x48"
                >
                  <img
                    alt="company"
                    src="http://via.placeholder.com/96x96?text=t"
                  />
                </figure>
              </div>
              <div
                className="media-content"
              >
                <p
                  className="title is-4"
                >
                  test1
                </p>
                <p
                  className="subtitle is-6"
                >
                  New York
                </p>
              </div>
            </div>
            <div
              className="content"
            />
            <button
              className="button has-background-info has-text-white"
              onClick={[Function]}
              style={
                Object {
                  "display": "block",
                  "margin": "auto",
                }
              }
            >
              Apply
            </button>
          </div>
        </div>
      </div>
    </div>
    <div
      style={
        Object {
          "flex": "0 0 auto",
          "margin": 10,
          "maxWidth": 254,
        }
      }
    >
      <div
        className=""
      >
        <div
          className="card"
        >
          <div
            className="card-image"
          >
            <div
              className="video-container"
            >
              <video
                autoPlay={true}
                className=""
                controls={true}
                src=""
                type="video/mp4"
              />
              <div
                className="overlay active"
                onClick={[Function]}
              >
                <figure
                  className="image"
                >
                  <img
                    alt="company"
                    src={undefined}
                  />
                </figure>
                <button
                  className="play-button fa fa-play"
                />
              </div>
            </div>
          </div>
          <div
            className="card-content"
          >
            <div
              className="media"
            >
              <div
                className="media-left"
              >
                <figure
                  className="image is-48x48"
                >
                  <img
                    alt="company"
                    src="http://via.placeholder.com/96x96?text=J"
                  />
                </figure>
              </div>
              <div
                className="media-content"
              >
                <p
                  className="title is-4"
                >
                  Joe
                </p>
                <p
                  className="subtitle is-6"
                >
                  joe
                </p>
              </div>
            </div>
            <div
              className="content"
            />
            <button
              className="button has-background-info has-text-white"
              onClick={[Function]}
              style={
                Object {
                  "display": "block",
                  "margin": "auto",
                }
              }
            >
              Apply
            </button>
          </div>
        </div>
      </div>
    </div>
  </div>
</div>
`;
