// Jest Snapshot v1, https://goo.gl/fbAQLP

exports[`renders correctly with snapshot 1`] = `
<div
  className="container"
>
  <h1
    className="title"
  >
    Apply Â 
    <div
      className="fas fa-spinner fa-spin"
    />
  </h1>
</div>
`;
